<html>
<body>
<pre>
<h1>µVision Build Log</h1>
<h2>Tool Versions:</h2>
IDE-Version: µVision V5.23.0.0
Copyright (C) 2017 ARM Ltd and ARM Germany GmbH. All rights reserved.
License Information: The Repackager University Flex license: MDK-ARM Professional: 100 user(s) (mdk_pro) Operation stops: 12 Sep 2019
 
Tool Versions:
Toolchain:       MDK-ARM Professional: 100 user(s)  Version: 5.23
Toolchain Path:  C:\Program Files\KEIL\ARM\ARMCC\Bin
C Compiler:      Armcc.exe V5.06 update 4 (build 422)
Assembler:       Armasm.exe V5.06 update 4 (build 422)
Linker/Locator:  ArmLink.exe V5.06 update 4 (build 422)
Library Manager: ArmAr.exe V5.06 update 4 (build 422)
Hex Converter:   FromElf.exe V5.06 update 4 (build 422)
CPU DLL:         
Dialog DLL:      DCM.DLL V1.15.0.0
Target DLL:      STLink\ST-LINKIII-KEIL_SWO.dll V2.0.18.0
Dialog DLL:      TCM.DLL V1.27.0.0
 
<h2>Project:</h2>
C:\Users\mdavies16\Documents\GIT\embedded-systems-261\Coursework_May_18-19_Part_A\Task612-mbedos54.uvprojx
Project File Date:  05/30/2019

<h2>Output:</h2>
*** Using Compiler 'V5.06 update 4 (build 422)', folder: 'C:\Program Files\KEIL\ARM\ARMCC\Bin'
Build target 'Task612-mbedos54'
compiling main.cpp...
main.cpp(126): warning:  #1035-D: single-precision operand implicitly converted to double-precision
  	if(currentRate > 0 && currentRate <= 0.2)
main.cpp(199): warning:  #1-D: last line of file ends without a newline
  } //end main
main.cpp: 2 warnings, 0 errors
linking...
Program Size: Code=45276 RO-data=3340 RW-data=236 ZI-data=11220  
".\BUILD\Task612-mbedos54.axf" - 0 Error(s), 2 Warning(s).

<h2>Collection of Component include folders:</h2>
  .\RTE\_Task612-mbedos54
  C:\Program Files\KEIL\ARM\PACK\Keil\STM32F4xx_DFP\2.11.0\Drivers\CMSIS\Device\ST\STM32F4xx\Include

<h2>Collection of Component Files used:</h2>
Build Time Elapsed:  00:00:06
</pre>
</body>
</html>
