<html>
<body>
<pre>
<h1>µVision Build Log</h1>
<h2>Tool Versions:</h2>
IDE-Version: µVision V5.23.0.0
Copyright (C) 2017 ARM Ltd and ARM Germany GmbH. All rights reserved.
License Information: The Repackager University Flex license: MDK-ARM Professional: 100 user(s) (mdk_pro) Operation stops: 12 Sep 2019
 
Tool Versions:
Toolchain:       MDK-ARM Professional: 100 user(s)  Version: 5.23
Toolchain Path:  C:\Program Files\KEIL\ARM\ARMCC\Bin
C Compiler:      Armcc.exe V5.06 update 4 (build 422)
Assembler:       Armasm.exe V5.06 update 4 (build 422)
Linker/Locator:  ArmLink.exe V5.06 update 4 (build 422)
Library Manager: ArmAr.exe V5.06 update 4 (build 422)
Hex Converter:   FromElf.exe V5.06 update 4 (build 422)
CPU DLL:         
Dialog DLL:      DCM.DLL V1.15.0.0
Target DLL:      STLink\ST-LINKIII-KEIL_SWO.dll V2.0.18.0
Dialog DLL:      TCM.DLL V1.27.0.0
 
<h2>Project:</h2>
C:\Users\ydyearoo\Downloads\PART2B\Task436Solution\Task436Solution.uvprojx
Project File Date:  05/29/2019

<h2>Output:</h2>
*** Using Compiler 'V5.06 update 4 (build 422)', folder: 'C:\Program Files\KEIL\ARM\ARMCC\Bin'
Build target 'Task436Solution'
compiling main.cpp...
main.cpp(113): warning:  #177-D: variable "rowOffset"  was declared but never referenced
  	int row, col, rowOffset, colOffset;							
main.cpp(113): warning:  #177-D: variable "colOffset"  was declared but never referenced
  	int row, col, rowOffset, colOffset;							
main.cpp(115): warning:  #177-D: variable "r3"  was declared but never referenced
  	int32_t r0,r1,r2,r3;
main.cpp(183): warning:  #177-D: variable "rowOffset"  was declared but never referenced
  			int row, col, rowOffset, colOffset,Gx,Gy;	
main.cpp(183): warning:  #177-D: variable "colOffset"  was declared but never referenced
  			int row, col, rowOffset, colOffset,Gx,Gy;	
main.cpp(187): warning:  #177-D: variable "r3"  was declared but never referenced
  	int32_t r0,r1,r2,r3;
main.cpp: 6 warnings, 0 errors
linking...
Program Size: Code=23096 RO-data=2232 RW-data=108 ZI-data=54876  
".\BUILD\Task436Solution.axf" - 0 Error(s), 6 Warning(s).

<h2>Collection of Component include folders:</h2>
  .\RTE\_Task436Solution
  C:\Program Files\KEIL\ARM\PACK\Keil\STM32F4xx_DFP\2.11.0\Drivers\CMSIS\Device\ST\STM32F4xx\Include

<h2>Collection of Component Files used:</h2>
Build Time Elapsed:  00:00:02
</pre>
</body>
</html>
